Analysis & Synthesis report for GAME
Mon Aug 31 09:45:57 2026
Quartus Prime Version 25.1std.0 Build 1129 10/21/2025 SC Lite Edition


---------------------
; Table of Contents ;
---------------------
  1. Legal Notice
  2. Analysis & Synthesis Summary
  3. Analysis & Synthesis Settings
  4. Parallel Compilation
  5. Analysis & Synthesis Source Files Read
  6. Analysis & Synthesis Resource Usage Summary
  7. Analysis & Synthesis Resource Utilization by Entity
  8. Registers Removed During Synthesis
  9. General Register Statistics
 10. Inverted Register Statistics
 11. Multiplexer Restructuring Statistics (Restructuring Performed)
 12. Parameter Settings for User Entity Instance: Top-level Entity: |top
 13. Parameter Settings for User Entity Instance: clk_divider:u_clk_divider
 14. Parameter Settings for User Entity Instance: game_controller:u_game_controller
 15. Port Connectivity Checks: "sev_seg:u_sev_seg3"
 16. Port Connectivity Checks: "sev_seg:u_sev_seg2"
 17. Port Connectivity Checks: "sev_seg:u_sev_seg1"
 18. Port Connectivity Checks: "sev_seg:u_sev_seg0"
 19. Post-Synthesis Netlist Statistics for Top Partition
 20. Elapsed Time Per Partition
 21. Analysis & Synthesis Messages
 22. Analysis & Synthesis Suppressed Messages



----------------
; Legal Notice ;
----------------
Copyright (C) 2025  Altera Corporation. All rights reserved.
Your use of Altera Corporation's design tools, logic functions 
and other software and tools, and any partner logic 
functions, and any output files from any of the foregoing 
(including device programming or simulation files), and any 
associated documentation or information are expressly subject 
to the terms and conditions of the Altera Program License 
Subscription Agreement, the Altera Quartus Prime License Agreement,
the Altera IP License Agreement, or other applicable license
agreement, including, without limitation, that your use is for
the sole purpose of programming logic devices manufactured by
Altera and sold by Altera or its authorized distributors.  Please
refer to the Altera Software License Subscription Agreements 
on the Quartus Prime software download page.



+-----------------------------------------------------------------------------------+
; Analysis & Synthesis Summary                                                      ;
+---------------------------------+-------------------------------------------------+
; Analysis & Synthesis Status     ; Successful - Mon Aug 31 09:45:57 2026           ;
; Quartus Prime Version           ; 25.1std.0 Build 1129 10/21/2025 SC Lite Edition ;
; Revision Name                   ; GAME                                            ;
; Top-level Entity Name           ; top                                             ;
; Family                          ; Cyclone V                                       ;
; Logic utilization (in ALMs)     ; N/A                                             ;
; Total registers                 ; 77                                              ;
; Total pins                      ; 51                                              ;
; Total virtual pins              ; 0                                               ;
; Total block memory bits         ; 0                                               ;
; Total DSP Blocks                ; 0                                               ;
; Total HSSI RX PCSs              ; 0                                               ;
; Total HSSI PMA RX Deserializers ; 0                                               ;
; Total HSSI TX PCSs              ; 0                                               ;
; Total HSSI PMA TX Serializers   ; 0                                               ;
; Total PLLs                      ; 0                                               ;
; Total DLLs                      ; 0                                               ;
+---------------------------------+-------------------------------------------------+


+---------------------------------------------------------------------------------------------------------------------------+
; Analysis & Synthesis Settings                                                                                             ;
+---------------------------------------------------------------------------------+--------------------+--------------------+
; Option                                                                          ; Setting            ; Default Value      ;
+---------------------------------------------------------------------------------+--------------------+--------------------+
; Device                                                                          ; 5CSXFC6D6F31C6     ;                    ;
; Top-level entity name                                                           ; top                ; GAME               ;
; Family name                                                                     ; Cyclone V          ; Cyclone V          ;
; Use smart compilation                                                           ; Off                ; Off                ;
; Enable parallel Assembler and Timing Analyzer during compilation                ; On                 ; On                 ;
; Enable compact report table                                                     ; Off                ; Off                ;
; Restructure Multiplexers                                                        ; Auto               ; Auto               ;
; MLAB Add Timing Constraints For Mixed-Port Feed-Through Mode Setting Don't Care ; Off                ; Off                ;
; Create Debugging Nodes for IP Cores                                             ; Off                ; Off                ;
; Preserve fewer node names                                                       ; On                 ; On                 ;
; Intel FPGA IP Evaluation Mode                                                   ; Enable             ; Enable             ;
; Verilog Version                                                                 ; Verilog_2001       ; Verilog_2001       ;
; VHDL Version                                                                    ; VHDL_1993          ; VHDL_1993          ;
; State Machine Processing                                                        ; Auto               ; Auto               ;
; Safe State Machine                                                              ; Off                ; Off                ;
; Extract Verilog State Machines                                                  ; On                 ; On                 ;
; Extract VHDL State Machines                                                     ; On                 ; On                 ;
; Ignore Verilog initial constructs                                               ; Off                ; Off                ;
; Iteration limit for constant Verilog loops                                      ; 5000               ; 5000               ;
; Iteration limit for non-constant Verilog loops                                  ; 250                ; 250                ;
; Add Pass-Through Logic to Inferred RAMs                                         ; On                 ; On                 ;
; Infer RAMs from Raw Logic                                                       ; On                 ; On                 ;
; Parallel Synthesis                                                              ; On                 ; On                 ;
; DSP Block Balancing                                                             ; Auto               ; Auto               ;
; NOT Gate Push-Back                                                              ; On                 ; On                 ;
; Power-Up Don't Care                                                             ; On                 ; On                 ;
; Remove Redundant Logic Cells                                                    ; Off                ; Off                ;
; Remove Duplicate Registers                                                      ; On                 ; On                 ;
; Ignore CARRY Buffers                                                            ; Off                ; Off                ;
; Ignore CASCADE Buffers                                                          ; Off                ; Off                ;
; Ignore GLOBAL Buffers                                                           ; Off                ; Off                ;
; Ignore ROW GLOBAL Buffers                                                       ; Off                ; Off                ;
; Ignore LCELL Buffers                                                            ; Off                ; Off                ;
; Ignore SOFT Buffers                                                             ; On                 ; On                 ;
; Limit AHDL Integers to 32 Bits                                                  ; Off                ; Off                ;
; Optimization Technique                                                          ; Balanced           ; Balanced           ;
; Carry Chain Length                                                              ; 70                 ; 70                 ;
; Auto Carry Chains                                                               ; On                 ; On                 ;
; Auto Open-Drain Pins                                                            ; On                 ; On                 ;
; Perform WYSIWYG Primitive Resynthesis                                           ; Off                ; Off                ;
; Auto ROM Replacement                                                            ; On                 ; On                 ;
; Auto RAM Replacement                                                            ; On                 ; On                 ;
; Auto DSP Block Replacement                                                      ; On                 ; On                 ;
; Auto Shift Register Replacement                                                 ; Auto               ; Auto               ;
; Allow Shift Register Merging across Hierarchies                                 ; Auto               ; Auto               ;
; Auto Clock Enable Replacement                                                   ; On                 ; On                 ;
; Strict RAM Replacement                                                          ; Off                ; Off                ;
; Allow Synchronous Control Signals                                               ; On                 ; On                 ;
; Force Use of Synchronous Clear Signals                                          ; Off                ; Off                ;
; Auto Resource Sharing                                                           ; Off                ; Off                ;
; Allow Any RAM Size For Recognition                                              ; Off                ; Off                ;
; Allow Any ROM Size For Recognition                                              ; Off                ; Off                ;
; Allow Any Shift Register Size For Recognition                                   ; Off                ; Off                ;
; Use LogicLock Constraints during Resource Balancing                             ; On                 ; On                 ;
; Ignore translate_off and synthesis_off directives                               ; Off                ; Off                ;
; Timing-Driven Synthesis                                                         ; On                 ; On                 ;
; Report Parameter Settings                                                       ; On                 ; On                 ;
; Report Source Assignments                                                       ; On                 ; On                 ;
; Report Connectivity Checks                                                      ; On                 ; On                 ;
; Ignore Maximum Fan-Out Assignments                                              ; Off                ; Off                ;
; Synchronization Register Chain Length                                           ; 3                  ; 3                  ;
; Power Optimization During Synthesis                                             ; Normal compilation ; Normal compilation ;
; HDL message level                                                               ; Level2             ; Level2             ;
; Suppress Register Optimization Related Messages                                 ; Off                ; Off                ;
; Number of Removed Registers Reported in Synthesis Report                        ; 5000               ; 5000               ;
; Number of Swept Nodes Reported in Synthesis Report                              ; 5000               ; 5000               ;
; Number of Inverted Registers Reported in Synthesis Report                       ; 100                ; 100                ;
; Clock MUX Protection                                                            ; On                 ; On                 ;
; Auto Gated Clock Conversion                                                     ; Off                ; Off                ;
; Block Design Naming                                                             ; Auto               ; Auto               ;
; SDC constraint protection                                                       ; Off                ; Off                ;
; Synthesis Effort                                                                ; Auto               ; Auto               ;
; Shift Register Replacement - Allow Asynchronous Clear Signal                    ; On                 ; On                 ;
; Pre-Mapping Resynthesis Optimization                                            ; Off                ; Off                ;
; Analysis & Synthesis Message Level                                              ; Medium             ; Medium             ;
; Disable Register Merging Across Hierarchies                                     ; Auto               ; Auto               ;
; Resource Aware Inference For Block RAM                                          ; On                 ; On                 ;
; Automatic Parallel Synthesis                                                    ; On                 ; On                 ;
; Partial Reconfiguration Bitstream ID                                            ; Off                ; Off                ;
+---------------------------------------------------------------------------------+--------------------+--------------------+


+------------------------------------------+
; Parallel Compilation                     ;
+----------------------------+-------------+
; Processors                 ; Number      ;
+----------------------------+-------------+
; Number detected on machine ; 28          ;
; Maximum allowed            ; 16          ;
;                            ;             ;
; Average used               ; 1.00        ;
; Maximum used               ; 16          ;
;                            ;             ;
; Usage by Processor         ; % Time Used ;
;     Processor 1            ; 100.0%      ;
;     Processors 2-16        ;   0.0%      ;
+----------------------------+-------------+


+-------------------------------------------------------------------------------------------------------------------------------------------------------------------------------------------+
; Analysis & Synthesis Source Files Read                                                                                                                                                    ;
+----------------------------------+-----------------+------------------------+---------------------------------------------------------------------------------------------------+---------+
; File Name with User-Entered Path ; Used in Netlist ; File Type              ; File Name with Absolute Path                                                                      ; Library ;
+----------------------------------+-----------------+------------------------+---------------------------------------------------------------------------------------------------+---------+
; ../FPGA GAME/top.v               ; yes             ; User Verilog HDL File  ; C:/Users/lenovo/OneDrive/Desktop/NTI_Traning_4_Months-/NTI/Tasks/GAME/FPGA GAME/top.v             ;         ;
; ../FPGA GAME/sev_seg.v           ; yes             ; User Verilog HDL File  ; C:/Users/lenovo/OneDrive/Desktop/NTI_Traning_4_Months-/NTI/Tasks/GAME/FPGA GAME/sev_seg.v         ;         ;
; ../FPGA GAME/one_hot.v           ; yes             ; User Verilog HDL File  ; C:/Users/lenovo/OneDrive/Desktop/NTI_Traning_4_Months-/NTI/Tasks/GAME/FPGA GAME/one_hot.v         ;         ;
; ../FPGA GAME/game_controller.v   ; yes             ; User Verilog HDL File  ; C:/Users/lenovo/OneDrive/Desktop/NTI_Traning_4_Months-/NTI/Tasks/GAME/FPGA GAME/game_controller.v ;         ;
; ../FPGA GAME/edge_detector.v     ; yes             ; User Verilog HDL File  ; C:/Users/lenovo/OneDrive/Desktop/NTI_Traning_4_Months-/NTI/Tasks/GAME/FPGA GAME/edge_detector.v   ;         ;
; ../FPGA GAME/clk_divider.v       ; yes             ; User Verilog HDL File  ; C:/Users/lenovo/OneDrive/Desktop/NTI_Traning_4_Months-/NTI/Tasks/GAME/FPGA GAME/clk_divider.v     ;         ;
+----------------------------------+-----------------+------------------------+---------------------------------------------------------------------------------------------------+---------+


+---------------------------------------------------------------+
; Analysis & Synthesis Resource Usage Summary                   ;
+---------------------------------------------+-----------------+
; Resource                                    ; Usage           ;
+---------------------------------------------+-----------------+
; Estimate of Logic utilization (ALMs needed) ; 58              ;
;                                             ;                 ;
; Combinational ALUT usage for logic          ; 102             ;
;     -- 7 input functions                    ; 0               ;
;     -- 6 input functions                    ; 11              ;
;     -- 5 input functions                    ; 9               ;
;     -- 4 input functions                    ; 37              ;
;     -- <=3 input functions                  ; 45              ;
;                                             ;                 ;
; Dedicated logic registers                   ; 77              ;
;                                             ;                 ;
; I/O pins                                    ; 51              ;
;                                             ;                 ;
; Total DSP Blocks                            ; 0               ;
;                                             ;                 ;
; Maximum fan-out node                        ; key_rst_n~input ;
; Maximum fan-out                             ; 77              ;
; Total fan-out                               ; 699             ;
; Average fan-out                             ; 2.49            ;
+---------------------------------------------+-----------------+


+---------------------------------------------------------------------------------------------------------------------------------------------------------------------------------------------------------------------------+
; Analysis & Synthesis Resource Utilization by Entity                                                                                                                                                                       ;
+----------------------------------------+---------------------+---------------------------+-------------------+------------+------+--------------+----------------------------------------+-----------------+--------------+
; Compilation Hierarchy Node             ; Combinational ALUTs ; Dedicated Logic Registers ; Block Memory Bits ; DSP Blocks ; Pins ; Virtual Pins ; Full Hierarchy Name                    ; Entity Name     ; Library Name ;
+----------------------------------------+---------------------+---------------------------+-------------------+------------+------+--------------+----------------------------------------+-----------------+--------------+
; |top                                   ; 102 (23)            ; 77 (5)                    ; 0                 ; 0          ; 51   ; 0            ; |top                                   ; top             ; work         ;
;    |clk_divider:u_clk_divider|         ; 29 (29)             ; 24 (24)                   ; 0                 ; 0          ; 0    ; 0            ; |top|clk_divider:u_clk_divider         ; clk_divider     ; work         ;
;    |edge_detector:u_restart_edge|      ; 1 (1)               ; 1 (1)                     ; 0                 ; 0          ; 0    ; 0            ; |top|edge_detector:u_restart_edge      ; edge_detector   ; work         ;
;    |game_controller:u_game_controller| ; 20 (20)             ; 10 (10)                   ; 0                 ; 0          ; 0    ; 0            ; |top|game_controller:u_game_controller ; game_controller ; work         ;
;    |one_hot:u_one_hot|                 ; 15 (15)             ; 11 (11)                   ; 0                 ; 0          ; 0    ; 0            ; |top|one_hot:u_one_hot                 ; one_hot         ; work         ;
;    |sev_seg:u_sev_seg0|                ; 7 (7)               ; 7 (7)                     ; 0                 ; 0          ; 0    ; 0            ; |top|sev_seg:u_sev_seg0                ; sev_seg         ; work         ;
;    |sev_seg:u_sev_seg1|                ; 0 (0)               ; 5 (5)                     ; 0                 ; 0          ; 0    ; 0            ; |top|sev_seg:u_sev_seg1                ; sev_seg         ; work         ;
;    |sev_seg:u_sev_seg2|                ; 7 (7)               ; 7 (7)                     ; 0                 ; 0          ; 0    ; 0            ; |top|sev_seg:u_sev_seg2                ; sev_seg         ; work         ;
;    |sev_seg:u_sev_seg3|                ; 0 (0)               ; 7 (7)                     ; 0                 ; 0          ; 0    ; 0            ; |top|sev_seg:u_sev_seg3                ; sev_seg         ; work         ;
+----------------------------------------+---------------------+---------------------------+-------------------+------------+------+--------------+----------------------------------------+-----------------+--------------+
Note: For table entries with two numbers listed, the numbers in parentheses indicate the number of resources of the given type used by the specific entity alone. The numbers listed outside of parentheses indicate the total resources of the given type used by the specific entity and all of its sub-entities in the hierarchy.


+--------------------------------------------------------------------------------+
; Registers Removed During Synthesis                                             ;
+---------------------------------------+----------------------------------------+
; Register name                         ; Reason for Removal                     ;
+---------------------------------------+----------------------------------------+
; sev_seg:u_sev_seg1|seg[1,4]           ; Stuck at VCC due to stuck port data_in ;
; Total Number of Removed Registers = 2 ;                                        ;
+---------------------------------------+----------------------------------------+


+------------------------------------------------------+
; General Register Statistics                          ;
+----------------------------------------------+-------+
; Statistic                                    ; Value ;
+----------------------------------------------+-------+
; Total registers                              ; 77    ;
; Number of registers using Synchronous Clear  ; 23    ;
; Number of registers using Synchronous Load   ; 0     ;
; Number of registers using Asynchronous Clear ; 77    ;
; Number of registers using Asynchronous Load  ; 0     ;
; Number of registers using Clock Enable       ; 8     ;
; Number of registers using Preset             ; 0     ;
+----------------------------------------------+-------+


+---------------------------------------------------+
; Inverted Register Statistics                      ;
+-----------------------------------------+---------+
; Inverted Register                       ; Fan out ;
+-----------------------------------------+---------+
; one_hot:u_one_hot|led[4]                ; 5       ;
; sev_seg:u_sev_seg0|seg[0]               ; 1       ;
; sev_seg:u_sev_seg0|seg[1]               ; 1       ;
; sev_seg:u_sev_seg0|seg[2]               ; 1       ;
; sev_seg:u_sev_seg0|seg[3]               ; 1       ;
; sev_seg:u_sev_seg0|seg[4]               ; 1       ;
; sev_seg:u_sev_seg0|seg[5]               ; 1       ;
; sev_seg:u_sev_seg0|seg[6]               ; 1       ;
; sev_seg:u_sev_seg1|seg[0]               ; 1       ;
; sev_seg:u_sev_seg1|seg[2]               ; 1       ;
; sev_seg:u_sev_seg1|seg[3]               ; 1       ;
; sev_seg:u_sev_seg1|seg[5]               ; 1       ;
; sev_seg:u_sev_seg1|seg[6]               ; 1       ;
; sev_seg:u_sev_seg2|seg[0]               ; 1       ;
; sev_seg:u_sev_seg2|seg[1]               ; 1       ;
; sev_seg:u_sev_seg2|seg[2]               ; 1       ;
; sev_seg:u_sev_seg2|seg[3]               ; 1       ;
; sev_seg:u_sev_seg2|seg[4]               ; 1       ;
; sev_seg:u_sev_seg2|seg[5]               ; 1       ;
; sev_seg:u_sev_seg2|seg[6]               ; 1       ;
; sev_seg:u_sev_seg3|seg[0]               ; 1       ;
; sev_seg:u_sev_seg3|seg[1]               ; 1       ;
; sev_seg:u_sev_seg3|seg[2]               ; 1       ;
; sev_seg:u_sev_seg3|seg[3]               ; 1       ;
; sev_seg:u_sev_seg3|seg[4]               ; 1       ;
; sev_seg:u_sev_seg3|seg[5]               ; 1       ;
; sev_seg:u_sev_seg3|seg[6]               ; 1       ;
; Total number of inverted registers = 27 ;         ;
+-----------------------------------------+---------+


+-----------------------------------------------------------------------------------------------------------------------------------------------------------------------+
; Multiplexer Restructuring Statistics (Restructuring Performed)                                                                                                        ;
+--------------------+-----------+---------------+----------------------+------------------------+------------+---------------------------------------------------------+
; Multiplexer Inputs ; Bus Width ; Baseline Area ; Area if Restructured ; Saving if Restructured ; Registered ; Example Multiplexer Output                              ;
+--------------------+-----------+---------------+----------------------+------------------------+------------+---------------------------------------------------------+
; 3:1                ; 7 bits    ; 14 LEs        ; 14 LEs               ; 0 LEs                  ; Yes        ; |top|one_hot:u_one_hot|led[7]                           ;
; 5:1                ; 4 bits    ; 12 LEs        ; 4 LEs                ; 8 LEs                  ; Yes        ; |top|game_controller:u_game_controller|score[0]         ;
; 5:1                ; 4 bits    ; 12 LEs        ; 4 LEs                ; 8 LEs                  ; Yes        ; |top|game_controller:u_game_controller|wrong_counter[3] ;
; 3:1                ; 10 bits   ; 20 LEs        ; 20 LEs               ; 0 LEs                  ; No         ; |top|led                                                ;
+--------------------+-----------+---------------+----------------------+------------------------+------------+---------------------------------------------------------+


+---------------------------------------------------------------------+
; Parameter Settings for User Entity Instance: Top-level Entity: |top ;
+----------------+---------+------------------------------------------+
; Parameter Name ; Value   ; Type                                     ;
+----------------+---------+------------------------------------------+
; CLK_DIV_COUNT  ; 6249999 ; Signed Integer                           ;
; BOSS_AFTER     ; 5       ; Signed Integer                           ;
; LOSE_AFTER     ; 3       ; Signed Integer                           ;
+----------------+---------+------------------------------------------+
Note: In order to hide this table in the UI and the text report file, please set the "Show Parameter Settings in Synthesis Report" option in "Analysis and Synthesis Settings -> More Settings" to "Off".


+------------------------------------------------------------------------+
; Parameter Settings for User Entity Instance: clk_divider:u_clk_divider ;
+----------------+---------+---------------------------------------------+
; Parameter Name ; Value   ; Type                                        ;
+----------------+---------+---------------------------------------------+
; COUNT_LIMIT    ; 6249999 ; Signed Integer                              ;
+----------------+---------+---------------------------------------------+
Note: In order to hide this table in the UI and the text report file, please set the "Show Parameter Settings in Synthesis Report" option in "Analysis and Synthesis Settings -> More Settings" to "Off".


+--------------------------------------------------------------------------------+
; Parameter Settings for User Entity Instance: game_controller:u_game_controller ;
+----------------+-------+-------------------------------------------------------+
; Parameter Name ; Value ; Type                                                  ;
+----------------+-------+-------------------------------------------------------+
; BOSS_AFTER     ; 5     ; Signed Integer                                        ;
; LOSE_AFTER     ; 3     ; Signed Integer                                        ;
+----------------+-------+-------------------------------------------------------+
Note: In order to hide this table in the UI and the text report file, please set the "Show Parameter Settings in Synthesis Report" option in "Analysis and Synthesis Settings -> More Settings" to "Off".


+-----------------------------------------------------------------------------------------------------------------------------------------+
; Port Connectivity Checks: "sev_seg:u_sev_seg3"                                                                                          ;
+----------+--------+----------+----------------------------------------------------------------------------------------------------------+
; Port     ; Type   ; Severity ; Details                                                                                                  ;
+----------+--------+----------+----------------------------------------------------------------------------------------------------------+
; value[3] ; Input  ; Info     ; Stuck at VCC                                                                                             ;
; dp       ; Output ; Warning  ; Declared by entity but not connected by instance. Logic that only feeds a dangling port will be removed. ;
+----------+--------+----------+----------------------------------------------------------------------------------------------------------+


+-------------------------------------------------------------------------------------------------------------------------------------+
; Port Connectivity Checks: "sev_seg:u_sev_seg2"                                                                                      ;
+------+--------+----------+----------------------------------------------------------------------------------------------------------+
; Port ; Type   ; Severity ; Details                                                                                                  ;
+------+--------+----------+----------------------------------------------------------------------------------------------------------+
; dp   ; Output ; Warning  ; Declared by entity but not connected by instance. Logic that only feeds a dangling port will be removed. ;
+------+--------+----------+----------------------------------------------------------------------------------------------------------+


+--------------------------------------------------------------------------------------------------------------------------------------------+
; Port Connectivity Checks: "sev_seg:u_sev_seg1"                                                                                             ;
+-------------+--------+----------+----------------------------------------------------------------------------------------------------------+
; Port        ; Type   ; Severity ; Details                                                                                                  ;
+-------------+--------+----------+----------------------------------------------------------------------------------------------------------+
; value[3..2] ; Input  ; Info     ; Stuck at VCC                                                                                             ;
; dp          ; Output ; Warning  ; Declared by entity but not connected by instance. Logic that only feeds a dangling port will be removed. ;
+-------------+--------+----------+----------------------------------------------------------------------------------------------------------+


+-------------------------------------------------------------------------------------------------------------------------------------+
; Port Connectivity Checks: "sev_seg:u_sev_seg0"                                                                                      ;
+------+--------+----------+----------------------------------------------------------------------------------------------------------+
; Port ; Type   ; Severity ; Details                                                                                                  ;
+------+--------+----------+----------------------------------------------------------------------------------------------------------+
; dp   ; Output ; Warning  ; Declared by entity but not connected by instance. Logic that only feeds a dangling port will be removed. ;
+------+--------+----------+----------------------------------------------------------------------------------------------------------+


+-----------------------------------------------------+
; Post-Synthesis Netlist Statistics for Top Partition ;
+-----------------------+-----------------------------+
; Type                  ; Count                       ;
+-----------------------+-----------------------------+
; arriav_ff             ; 77                          ;
;     CLR               ; 46                          ;
;     CLR SCLR          ; 23                          ;
;     ENA CLR           ; 8                           ;
; arriav_lcell_comb     ; 129                         ;
;     arith             ; 23                          ;
;         1 data inputs ; 23                          ;
;     normal            ; 106                         ;
;         0 data inputs ; 1                           ;
;         1 data inputs ; 28                          ;
;         2 data inputs ; 16                          ;
;         3 data inputs ; 4                           ;
;         4 data inputs ; 37                          ;
;         5 data inputs ; 9                           ;
;         6 data inputs ; 11                          ;
; boundary_port         ; 51                          ;
;                       ;                             ;
; Max LUT depth         ; 3.20                        ;
; Average LUT depth     ; 1.96                        ;
+-----------------------+-----------------------------+


+-------------------------------+
; Elapsed Time Per Partition    ;
+----------------+--------------+
; Partition Name ; Elapsed Time ;
+----------------+--------------+
; Top            ; 00:00:00     ;
+----------------+--------------+


+-------------------------------+
; Analysis & Synthesis Messages ;
+-------------------------------+
Info: *******************************************************************
Info: Running Quartus Prime Analysis & Synthesis
    Info: Version 25.1std.0 Build 1129 10/21/2025 SC Lite Edition
    Info: Processing started: Mon Aug 31 09:45:20 2026
Info: Command: quartus_map --read_settings_files=on --write_settings_files=off GAME -c GAME
Warning (18236): Number of processors has not been specified which may cause overloading on shared machines.  Set the global assignment NUM_PARALLEL_PROCESSORS in your QSF to an appropriate value for best performance.
Info (20030): Parallel compilation is enabled and will use 16 of the 20 processors detected
Info (12021): Found 1 design units, including 1 entities, in source file /users/lenovo/onedrive/desktop/nti_traning_4_months-/nti/tasks/game/fpga game/top_tb.v
    Info (12023): Found entity 1: top_tb File: C:/Users/lenovo/OneDrive/Desktop/NTI_Traning_4_Months-/NTI/Tasks/GAME/FPGA GAME/top_tb.v Line: 2
Info (12021): Found 1 design units, including 1 entities, in source file /users/lenovo/onedrive/desktop/nti_traning_4_months-/nti/tasks/game/fpga game/top.v
    Info (12023): Found entity 1: top File: C:/Users/lenovo/OneDrive/Desktop/NTI_Traning_4_Months-/NTI/Tasks/GAME/FPGA GAME/top.v Line: 1
Info (12021): Found 1 design units, including 1 entities, in source file /users/lenovo/onedrive/desktop/nti_traning_4_months-/nti/tasks/game/fpga game/sev_seg_tb.v
    Info (12023): Found entity 1: sev_seg_tb File: C:/Users/lenovo/OneDrive/Desktop/NTI_Traning_4_Months-/NTI/Tasks/GAME/FPGA GAME/sev_seg_tb.v Line: 2
Info (12021): Found 1 design units, including 1 entities, in source file /users/lenovo/onedrive/desktop/nti_traning_4_months-/nti/tasks/game/fpga game/sev_seg.v
    Info (12023): Found entity 1: sev_seg File: C:/Users/lenovo/OneDrive/Desktop/NTI_Traning_4_Months-/NTI/Tasks/GAME/FPGA GAME/sev_seg.v Line: 1
Info (12021): Found 1 design units, including 1 entities, in source file /users/lenovo/onedrive/desktop/nti_traning_4_months-/nti/tasks/game/fpga game/one_hot_tb.v
    Info (12023): Found entity 1: one_hot_tb File: C:/Users/lenovo/OneDrive/Desktop/NTI_Traning_4_Months-/NTI/Tasks/GAME/FPGA GAME/one_hot_tb.v Line: 2
Info (12021): Found 1 design units, including 1 entities, in source file /users/lenovo/onedrive/desktop/nti_traning_4_months-/nti/tasks/game/fpga game/one_hot.v
    Info (12023): Found entity 1: one_hot File: C:/Users/lenovo/OneDrive/Desktop/NTI_Traning_4_Months-/NTI/Tasks/GAME/FPGA GAME/one_hot.v Line: 1
Info (12021): Found 1 design units, including 1 entities, in source file /users/lenovo/onedrive/desktop/nti_traning_4_months-/nti/tasks/game/fpga game/game_controller_tb.v
    Info (12023): Found entity 1: game_controller_tb File: C:/Users/lenovo/OneDrive/Desktop/NTI_Traning_4_Months-/NTI/Tasks/GAME/FPGA GAME/game_controller_tb.v Line: 2
Info (12021): Found 1 design units, including 1 entities, in source file /users/lenovo/onedrive/desktop/nti_traning_4_months-/nti/tasks/game/fpga game/game_controller.v
    Info (12023): Found entity 1: game_controller File: C:/Users/lenovo/OneDrive/Desktop/NTI_Traning_4_Months-/NTI/Tasks/GAME/FPGA GAME/game_controller.v Line: 1
Info (12021): Found 1 design units, including 1 entities, in source file /users/lenovo/onedrive/desktop/nti_traning_4_months-/nti/tasks/game/fpga game/edge_detector_tb.v
    Info (12023): Found entity 1: edge_detector_tb File: C:/Users/lenovo/OneDrive/Desktop/NTI_Traning_4_Months-/NTI/Tasks/GAME/FPGA GAME/edge_detector_tb.v Line: 2
Info (12021): Found 1 design units, including 1 entities, in source file /users/lenovo/onedrive/desktop/nti_traning_4_months-/nti/tasks/game/fpga game/edge_detector.v
    Info (12023): Found entity 1: edge_detector File: C:/Users/lenovo/OneDrive/Desktop/NTI_Traning_4_Months-/NTI/Tasks/GAME/FPGA GAME/edge_detector.v Line: 1
Info (12021): Found 1 design units, including 1 entities, in source file /users/lenovo/onedrive/desktop/nti_traning_4_months-/nti/tasks/game/fpga game/clk_divider_tb.v
    Info (12023): Found entity 1: clk_divider_tb File: C:/Users/lenovo/OneDrive/Desktop/NTI_Traning_4_Months-/NTI/Tasks/GAME/FPGA GAME/clk_divider_tb.v Line: 2
Info (12021): Found 1 design units, including 1 entities, in source file /users/lenovo/onedrive/desktop/nti_traning_4_months-/nti/tasks/game/fpga game/clk_divider.v
    Info (12023): Found entity 1: clk_divider File: C:/Users/lenovo/OneDrive/Desktop/NTI_Traning_4_Months-/NTI/Tasks/GAME/FPGA GAME/clk_divider.v Line: 1
Info (12127): Elaborating entity "top" for the top level hierarchy
Info (12128): Elaborating entity "clk_divider" for hierarchy "clk_divider:u_clk_divider" File: C:/Users/lenovo/OneDrive/Desktop/NTI_Traning_4_Months-/NTI/Tasks/GAME/FPGA GAME/top.v Line: 72
Warning (10230): Verilog HDL assignment warning at clk_divider.v(18): truncated value with size 32 to match size of target (23) File: C:/Users/lenovo/OneDrive/Desktop/NTI_Traning_4_Months-/NTI/Tasks/GAME/FPGA GAME/clk_divider.v Line: 18
Info (12128): Elaborating entity "edge_detector" for hierarchy "edge_detector:u_restart_edge" File: C:/Users/lenovo/OneDrive/Desktop/NTI_Traning_4_Months-/NTI/Tasks/GAME/FPGA GAME/top.v Line: 78
Info (12128): Elaborating entity "one_hot" for hierarchy "one_hot:u_one_hot" File: C:/Users/lenovo/OneDrive/Desktop/NTI_Traning_4_Months-/NTI/Tasks/GAME/FPGA GAME/top.v Line: 84
Info (12128): Elaborating entity "game_controller" for hierarchy "game_controller:u_game_controller" File: C:/Users/lenovo/OneDrive/Desktop/NTI_Traning_4_Months-/NTI/Tasks/GAME/FPGA GAME/top.v Line: 98
Info (12128): Elaborating entity "sev_seg" for hierarchy "sev_seg:u_sev_seg0" File: C:/Users/lenovo/OneDrive/Desktop/NTI_Traning_4_Months-/NTI/Tasks/GAME/FPGA GAME/top.v Line: 104
Warning (12241): 4 hierarchies have connectivity warnings - see the Connectivity Checks report folder
Warning (13024): Output pins are stuck at VCC or GND
    Warning (13410): Pin "seg1[1]" is stuck at VCC File: C:/Users/lenovo/OneDrive/Desktop/NTI_Traning_4_Months-/NTI/Tasks/GAME/FPGA GAME/top.v Line: 12
    Warning (13410): Pin "seg1[4]" is stuck at VCC File: C:/Users/lenovo/OneDrive/Desktop/NTI_Traning_4_Months-/NTI/Tasks/GAME/FPGA GAME/top.v Line: 12
Info (286030): Timing-Driven Synthesis is running
Info (144001): Generated suppressed messages file C:/Users/lenovo/OneDrive/Desktop/NTI_Traning_4_Months-/NTI/Tasks/GAME/quartus_game/output_files/GAME.map.smsg
Info (16010): Generating hard_block partition "hard_block:auto_generated_inst"
    Info (16011): Adding 0 node(s), including 0 DDIO, 0 PLL, 0 transceiver and 0 LCELL
Info (21057): Implemented 166 device resources after synthesis - the final resource count might be different
    Info (21058): Implemented 13 input pins
    Info (21059): Implemented 38 output pins
    Info (21061): Implemented 115 logic cells
Info: Quartus Prime Analysis & Synthesis was successful. 0 errors, 6 warnings
    Info: Peak virtual memory: 4893 megabytes
    Info: Processing ended: Mon Aug 31 09:45:57 2026
    Info: Elapsed time: 00:00:37
    Info: Total CPU time (on all processors): 00:00:11


+------------------------------------------+
; Analysis & Synthesis Suppressed Messages ;
+------------------------------------------+
The suppressed messages can be found in C:/Users/lenovo/OneDrive/Desktop/NTI_Traning_4_Months-/NTI/Tasks/GAME/quartus_game/output_files/GAME.map.smsg.


